components/features/finance/Accounts.tsx(3,38): error TS2307: Cannot find module '../types' or its corresponding type declarations.
components/features/finance/Budgets.tsx(3,56): error TS2307: Cannot find module '../types' or its corresponding type declarations.
components/features/finance/CreditCards.tsx(2,25): error TS2307: Cannot find module '../types' or its corresponding type declarations.
components/features/finance/Debts.tsx(3,44): error TS2307: Cannot find module '../types' or its corresponding type declarations.
components/features/finance/Goals.tsx(3,31): error TS2307: Cannot find module '../types' or its corresponding type declarations.
components/features/finance/transactions/Transactions.tsx(205,5): error TS2552: Cannot find name 'setEditType'. Did you mean 'setEditDate'?
components/features/life/CalendarModule.tsx(93,17): error TS2322: Type '"FINANCE"' is not assignable to type '"EVENT" | "TASK" | "REMINDER"'.
components/features/life/CalendarModule.tsx(111,21): error TS2322: Type '"FINANCE"' is not assignable to type '"EVENT" | "TASK" | "REMINDER"'.
components/features/life/CalendarModule.tsx(130,21): error TS2322: Type '"GOAL"' is not assignable to type '"EVENT" | "TASK" | "REMINDER"'.
components/features/life/CalendarModule.tsx(160,25): error TS2322: Type '"KITCHEN"' is not assignable to type '"EVENT" | "TASK" | "REMINDER"'.
components/features/life/CalendarModule.tsx(190,53): error TS2339: Property 'date' does not exist on type 'CalendarEvent'.
components/features/life/CalendarModule.tsx(190,82): error TS2339: Property 'date' does not exist on type 'CalendarEvent'.
components/features/life/CalendarModule.tsx(194,30): error TS2339: Property 'targetApp' does not exist on type 'CalendarEvent'.
components/features/life/CalendarModule.tsx(195,27): error TS2339: Property 'targetApp' does not exist on type 'CalendarEvent'.
components/features/life/CalendarModule.tsx(195,41): error TS2339: Property 'targetTab' does not exist on type 'CalendarEvent'.
components/features/life/CalendarModule.tsx(238,64): error TS2339: Property 'date' does not exist on type 'CalendarEvent'.
components/features/life/CalendarModule.tsx(256,96): error TS2367: This comparison appears to be unintentional because the types '"EVENT" | "TASK" | "REMINDER"' and '"FINANCE"' have no overlap.
components/features/life/CalendarModule.tsx(256,136): error TS2367: This comparison appears to be unintentional because the types '"EVENT" | "TASK" | "REMINDER"' and '"KITCHEN"' have no overlap.
components/features/life/CalendarModule.tsx(256,179): error TS2367: This comparison appears to be unintentional because the types '"EVENT" | "TASK" | "REMINDER"' and '"GOAL"' have no overlap.
components/features/life/CalendarModule.tsx(284,59): error TS2367: This comparison appears to be unintentional because the types '"EVENT" | "TASK" | "REMINDER"' and '"FINANCE"' have no overlap.
components/features/life/CalendarModule.tsx(287,69): error TS2367: This comparison appears to be unintentional because the types '"EVENT" | "TASK" | "REMINDER"' and '"FINANCE"' have no overlap.
components/features/life/CalendarModule.tsx(291,122): error TS2339: Property 'icon' does not exist on type 'CalendarEvent'.
components/features/life/CalendarModule.tsx(294,105): error TS2339: Property 'amount' does not exist on type 'CalendarEvent'.
components/features/life/CalendarModule.tsx(296,132): error TS2339: Property 'details' does not exist on type 'CalendarEvent'.
components/features/life/CalendarModule.tsx(303,59): error TS2367: This comparison appears to be unintentional because the types '"EVENT" | "TASK" | "REMINDER"' and '"KITCHEN"' have no overlap.
components/features/life/CalendarModule.tsx(306,69): error TS2367: This comparison appears to be unintentional because the types '"EVENT" | "TASK" | "REMINDER"' and '"KITCHEN"' have no overlap.
components/features/life/CalendarModule.tsx(309,121): error TS2339: Property 'icon' does not exist on type 'CalendarEvent'.
components/features/life/CalendarModule.tsx(313,53): error TS2339: Property 'details' does not exist on type 'CalendarEvent'.
components/features/life/CalendarModule.tsx(323,59): error TS2367: This comparison appears to be unintentional because the types '"EVENT" | "TASK" | "REMINDER"' and '"GOAL"' have no overlap.
components/features/life/CalendarModule.tsx(326,69): error TS2367: This comparison appears to be unintentional because the types '"EVENT" | "TASK" | "REMINDER"' and '"GOAL"' have no overlap.
components/features/life/CalendarModule.tsx(332,114): error TS2339: Property 'details' does not exist on type 'CalendarEvent'.
components/features/life/RecipeBook.tsx(4,83): error TS2305: Module '"../../../services/geminiService"' has no exported member 'generateRecipe'.
components/features/life/ShoppingListComponent.tsx(10,17): error TS2304: Cannot find name 'Ingredient'.
components/features/life/ShoppingListComponent.tsx(11,56): error TS2304: Cannot find name 'Ingredient'.
components/features/life/ShoppingListComponent.tsx(13,15): error TS2304: Cannot find name 'Account'.
hooks/useFinanceControllers.ts(9,49): error TS2339: Property 'setTrips' does not exist on type 'FinanceState & FinanceActions'.
